// Jest Snapshot v1, https://goo.gl/fbAQLP

exports[`LoginScreen Component Testing LoginScreen renders correctly 1`] = `
<View
  style={
    [
      {
        "alignItems": "center",
        "backgroundColor": "#292929",
        "flex": 1,
        "width": 718,
      },
      {
        "width": 750,
      },
    ]
  }
>
  <View
    style={
      {
        "alignItems": "center",
        "height": 328,
        "marginVertical": 24,
        "width": "100%",
      }
    }
  >
    <Image
      source="mocked-file"
      style={
        {
          "height": "100%",
          "width": 718,
        }
      }
    />
  </View>
  <View
    style={
      {
        "alignItems": "center",
        "gap": 12,
        "marginTop": 32,
        "width": 328,
      }
    }
  >
    <Text
      style={
        {
          "color": "#F9F9F9",
          "fontSize": 22,
          "fontWeight": "700",
          "lineHeight": 27.5,
          "textAlign": "center",
        }
      }
    >
      auth.welcome
    </Text>
    <Text
      style={
        {
          "color": "#F9F9F9",
          "fontSize": 16,
          "fontWeight": "400",
          "lineHeight": 21.6,
          "textAlign": "center",
        }
      }
    >
      auth.sub_welcome
    </Text>
  </View>
  <View
    style={
      {
        "alignItems": "center",
        "gap": 16,
        "marginTop": 32,
        "width": "100%",
      }
    }
  >
    <View
      accessibilityState={
        {
          "busy": undefined,
          "checked": undefined,
          "disabled": undefined,
          "expanded": undefined,
          "selected": undefined,
        }
      }
      accessibilityValue={
        {
          "max": undefined,
          "min": undefined,
          "now": undefined,
          "text": undefined,
        }
      }
      accessible={true}
      collapsable={false}
      focusable={true}
      onClick={[Function]}
      onResponderGrant={[Function]}
      onResponderMove={[Function]}
      onResponderRelease={[Function]}
      onResponderTerminate={[Function]}
      onResponderTerminationRequest={[Function]}
      onStartShouldSetResponder={[Function]}
      style={
        {
          "alignItems": "center",
          "backgroundColor": "#ED0E0E",
          "borderRadius": 5,
          "flexDirection": "row",
          "gap": 10,
          "height": 48,
          "justifyContent": "center",
          "opacity": 1,
          "padding": 10,
          "width": 718,
        }
      }
      testID="myButton"
    >
      <Text
        style={
          {
            "color": "#F9F9F9",
            "fontSize": 18,
            "fontWeight": "500",
          }
        }
      >
        auth.login.btn_title
      </Text>
    </View>
    <View
      accessibilityState={
        {
          "busy": undefined,
          "checked": undefined,
          "disabled": undefined,
          "expanded": undefined,
          "selected": undefined,
        }
      }
      accessibilityValue={
        {
          "max": undefined,
          "min": undefined,
          "now": undefined,
          "text": undefined,
        }
      }
      accessible={true}
      collapsable={false}
      focusable={true}
      onClick={[Function]}
      onResponderGrant={[Function]}
      onResponderMove={[Function]}
      onResponderRelease={[Function]}
      onResponderTerminate={[Function]}
      onResponderTerminationRequest={[Function]}
      onStartShouldSetResponder={[Function]}
      style={
        {
          "alignItems": "center",
          "backgroundColor": "#F9F9F9",
          "borderRadius": 5,
          "flexDirection": "row",
          "gap": 10,
          "height": 48,
          "justifyContent": "flex-start",
          "opacity": 1,
          "padding": 10,
          "width": 718,
        }
      }
      testID="myButton"
    >
      <RNSVGSvgView
        align="xMidYMid"
        bbHeight="36"
        bbWidth="36"
        fill="none"
        focusable={false}
        height="36"
        meetOrSlice={0}
        minX={0}
        minY={0}
        style={
          [
            {
              "backgroundColor": "transparent",
              "borderWidth": 0,
            },
            {
              "flex": 0,
              "height": 36,
              "width": 36,
            },
          ]
        }
        vbHeight={36}
        vbWidth={36}
        width="36"
      >
        <RNSVGGroup
          fill={null}
          propList={
            [
              "fill",
            ]
          }
        >
          <RNSVGPath
            d="M18.0002 13.2157C19.4649 13.2157 20.4529 13.8484 21.0162 14.377L23.2176 12.2277C21.8656 10.971 20.1062 10.1997 18.0002 10.1997C14.9496 10.1997 12.3149 11.9504 11.0322 14.4984L13.5542 16.457C14.1869 14.5764 15.9376 13.2157 18.0002 13.2157Z"
            fill={
              {
                "payload": 4293542709,
                "type": 0,
              }
            }
            propList={
              [
                "fill",
              ]
            }
          />
          <RNSVGPath
            d="M25.4885 18.1728C25.4885 17.5315 25.4365 17.0635 25.3238 16.5781H18.0005V19.4728H22.2992C22.2125 20.1921 21.7445 21.2755 20.7045 22.0035L23.1658 23.9101C24.6392 22.5495 25.4885 20.5475 25.4885 18.1728Z"
            fill={
              {
                "payload": 4282549748,
                "type": 0,
              }
            }
            propList={
              [
                "fill",
              ]
            }
          />
          <RNSVGPath
            d="M13.5629 19.542C13.3982 19.0567 13.3029 18.5367 13.3029 17.9994C13.3029 17.462 13.3982 16.942 13.5542 16.4567L11.0322 14.498C10.5035 15.5554 10.2002 16.7427 10.2002 17.9994C10.2002 19.256 10.5035 20.4434 11.0322 21.5007L13.5629 19.542Z"
            fill={
              {
                "payload": 4294687749,
                "type": 0,
              }
            }
            propList={
              [
                "fill",
              ]
            }
          />
          <RNSVGPath
            d="M18.0003 25.7998C20.1063 25.7998 21.8743 25.1065 23.1657 23.9105L20.7043 22.0038C20.0457 22.4631 19.1617 22.7838 18.0003 22.7838C15.9377 22.7838 14.187 21.4231 13.563 19.5425L11.041 21.5011C12.3237 24.0491 14.9497 25.7998 18.0003 25.7998Z"
            fill={
              {
                "payload": 4281641043,
                "type": 0,
              }
            }
            propList={
              [
                "fill",
              ]
            }
          />
        </RNSVGGroup>
      </RNSVGSvgView>
      <Text
        style={
          {
            "color": "#1D1D1D",
            "fontSize": 18,
            "fontWeight": "500",
            "left": 125,
          }
        }
      >
        auth.login.btn_google
      </Text>
    </View>
    <View
      accessibilityState={
        {
          "busy": undefined,
          "checked": undefined,
          "disabled": undefined,
          "expanded": undefined,
          "selected": undefined,
        }
      }
      accessibilityValue={
        {
          "max": undefined,
          "min": undefined,
          "now": undefined,
          "text": undefined,
        }
      }
      accessible={true}
      collapsable={false}
      focusable={true}
      onClick={[Function]}
      onResponderGrant={[Function]}
      onResponderMove={[Function]}
      onResponderRelease={[Function]}
      onResponderTerminate={[Function]}
      onResponderTerminationRequest={[Function]}
      onStartShouldSetResponder={[Function]}
      style={
        {
          "alignItems": "center",
          "backgroundColor": "#4AB34C",
          "borderRadius": 5,
          "flexDirection": "row",
          "gap": 10,
          "height": 48,
          "justifyContent": "center",
          "opacity": 1,
          "padding": 10,
          "width": 718,
        }
      }
      testID="myButton"
    >
      <Text
        style={
          {
            "color": "#F9F9F9",
            "fontSize": 18,
            "fontWeight": "500",
          }
        }
      >
        auth.registration.btn_title
      </Text>
    </View>
  </View>
</View>
`;
